I'm sorry, but errors were detected in your script. Please correct the
errors listed below, and try again.


File "game/script.rpy", line 1132: Line is indented, but the preceding with statement statement does not expect a block. Please check this line's indentation. You may have forgotten a colon (:).
    if lang == "english":
    ^

File "game/script.rpy", line 1142: expected statement.
    elif lang == "svenska":
              ^

Ren'Py Version: Ren'Py 8.3.7.25031702
Sat Jun 28 13:53:07 2025
